2025-06-14 04:46:50,932 - INFO - Info message
2025-06-14 04:46:50,932 - WARNING - Warning message
2025-06-14 04:46:50,932 - ERROR - Error message
2025-06-14 04:46:51,230 - INFO - Test message
2025-06-14 04:53:42,221 - INFO - Info message
2025-06-14 04:53:42,221 - WARNING - Warning message
2025-06-14 04:53:42,222 - ERROR - Error message
2025-06-14 04:53:42,525 - INFO - Test message
2025-06-14 04:59:52,280 - INFO - Info message
2025-06-14 04:59:52,280 - WARNING - Warning message
2025-06-14 04:59:52,280 - ERROR - Error message
2025-06-14 04:59:52,643 - INFO - Test message
